// Jest Snapshot v1, https://goo.gl/fbAQLP

exports[`Testing Login Component should test login form submit 1`] = `ReactWrapper {}`;
